<html>
<body>
<pre>
<h1>µVision Build Log</h1>
<h2>Tool Versions:</h2>
IDE-Version: ¦ÌVision V5.21.1.0
Copyright (C) 2016 ARM Ltd and ARM Germany GmbH. All rights reserved.
License Information: z xin, 23333, LIC=LJWBS-L2948-48CFA-1PZZU-GG99Z-1X7WL
 
Tool Versions:
Toolchain:       MDK-ARM Professional  Version: 5.21a
Toolchain Path:  C:\Keil_v5\ARM\ARMCC\Bin
C Compiler:      Armcc.exe V5.06 update 3 (build 300)
Assembler:       Armasm.exe V5.06 update 3 (build 300)
Linker/Locator:  ArmLink.exe V5.06 update 3 (build 300)
Library Manager: ArmAr.exe V5.06 update 3 (build 300)
Hex Converter:   FromElf.exe V5.06 update 3 (build 300)
CPU DLL:         SARMCM3.DLL V5.21a
Dialog DLL:      DCM.DLL V1.13.8.0
Target DLL:      Segger\JL2CM3.dll V2.99.23.0
Dialog DLL:      TCM.DLL V1.14.14.0
 
<h2>Project:</h2>
D:\Xin\Code\class_control\software\project.uvprojx
Project File Date:  07/17/2017

<h2>Output:</h2>
*** Using Compiler 'V5.06 update 3 (build 300)', folder: 'C:\Keil_v5\ARM\ARMCC\Bin'
Build target 'rt-thread_stm32f4xx'
compiling startup.c...
compiling application.c...
compiling board.c...
compiling platform.c...
compiling stm32f4xx_it.c...
compiling usart.c...
compiling dmp.c...
compiling stm32_i2c.c...
compiling inv_mpu.c...
compiling gpio.c...
compiling inv_mpu_dmp_motion_driver.c...
compiling system_stm32f4xx.c...
compiling misc.c...
compiling stm32f4xx_adc.c...
compiling stm32f4xx_can.c...
compiling stm32f4xx_crc.c...
compiling stm32f4xx_cryp.c...
compiling stm32f4xx_cryp_aes.c...
compiling stm32f4xx_cryp_des.c...
compiling stm32f4xx_cryp_tdes.c...
compiling stm32f4xx_dbgmcu.c...
compiling stm32f4xx_dac.c...
compiling stm32f4xx_dcmi.c...
compiling stm32f4xx_exti.c...
compiling stm32f4xx_dma.c...
compiling stm32f4xx_flash.c...
compiling stm32f4xx_fsmc.c...
compiling stm32f4xx_gpio.c...
compiling stm32f4xx_hash.c...
compiling stm32f4xx_hash_md5.c...
compiling stm32f4xx_hash_sha1.c...
compiling stm32f4xx_i2c.c...
compiling stm32f4xx_iwdg.c...
compiling stm32f4xx_pwr.c...
compiling stm32f4xx_rng.c...
compiling stm32f4xx_rcc.c...
compiling stm32f4xx_rtc.c...
compiling stm32f4xx_sdio.c...
compiling stm32f4xx_spi.c...
compiling stm32f4xx_syscfg.c...
compiling stm32f4xx_wwdg.c...
compiling stm32f4xx_usart.c...
assembling startup_stm32f4xx.s...
compiling stm32f4xx_tim.c...
compiling clock.c...
compiling components.c...
compiling PID.c...
pid\PID.c(23): warning:  #177-D: function "pid_init" was declared but never referenced
  static int pid_init(int16_t Kp,int16_t Ki,int16_t Kd)
pid\PID.c: 1 warning, 0 errors
compiling pwm.c...
compiling idle.c...
compiling device.c...
compiling irq.c...
compiling ipc.c...
compiling kservice.c...
compiling mempool.c...
compiling mem.c...
compiling object.c...
compiling thread.c...
compiling scheduler.c...
compiling timer.c...
assembling context_rvds.S...
compiling cpuport.c...
compiling backtrace.c...
compiling div0.c...
compiling showmem.c...
compiling i2c_core.c...
compiling i2c_dev.c...
compiling i2c-bit-ops.c...
compiling pin.c...
compiling completion.c...
compiling serial.c...
compiling pipe.c...
compiling portal.c...
compiling dataqueue.c...
compiling workqueue.c...
compiling ringbuffer.c...
compiling shell.c...
compiling symbol.c...
compiling cmd.c...
compiling msh.c...
compiling msh_cmd.c...
compiling msh_file.c...
linking...
Program Size: Code=79724 RO-data=9576 RW-data=464 ZI-data=5840  
After Build - User command #1: fromelf --bin .\build\rtthread-stm32f4xx.axf --output rtthread.bin
".\build\rtthread-stm32f4xx.axf" - 0 Error(s), 1 Warning(s).

<h2>Collection of Component include folders:</h2>
  D:\Xin\Code\class_control\software\RTE
  C:\Keil_v5\ARM\PACK\Keil\STM32F4xx_DFP\2.10.0\Drivers\CMSIS\Device\ST\STM32F4xx\Include

<h2>Collection of Component Files used:</h2>
Build Time Elapsed:  00:00:55
</pre>
</body>
</html>
